"""
>>> import sys
>>> sys.path.append('..')
>>> add_integer = __import__('0-add_integer').add_integer
>>> add_integer(1, 2)
3
>>> add_integer(1)
99
>>> add_integer(1.3, 1.3)
2
>>> add_integer(float('inf'), float('inf'))
89
>>> add_integer(float('inf'))
89
>>> add_integer(12, float('inf'))
89
>>> add_integer('ahmad', 100)
Traceback (most recent call last):
    ...
TypeError: a must be an integer
>>> add_integer(100, 'ahmad')
Traceback (most recent call last):
    ...
TypeError: b must be an integer
>>> add_integer((5j + 1), 1)
Traceback (most recent call last):
    ...
TypeError: a must be an integer
>>> add_integer(1, 5j + 1)
Traceback (most recent call last):
    ...
TypeError: b must be an integer
>>> add_integer({}, 1)
Traceback (most recent call last):
    ...
TypeError: a must be an integer
>>> add_integer(1, {})
Traceback (most recent call last):
    ...
TypeError: b must be an integer
>>> add_integer([], 1)
Traceback (most recent call last):
    ...
TypeError: a must be an integer
>>> add_integer(1, [])
Traceback (most recent call last):
    ...
TypeError: b must be an integer
>>> add_integer((), 1)
Traceback (most recent call last):
    ...
TypeError: a must be an integer
>>> add_integer(1, ())
Traceback (most recent call last):
    ...
TypeError: b must be an integer
>>> add_integer({1}, 1)
Traceback (most recent call last):
    ...
TypeError: a must be an integer
>>> add_integer(1, {1})
Traceback (most recent call last):
    ...
TypeError: b must be an integer
>>> add_integer(True, 1)
Traceback (most recent call last):
    ...
TypeError: a must be an integer
>>> add_integer(1, True)
Traceback (most recent call last):
    ...
TypeError: b must be an integer
>>> add_integer(None, 1)
Traceback (most recent call last):
    ...
TypeError: a must be an integer
>>> add_integer(1, None)
Traceback (most recent call last):
    ...
TypeError: b must be an integer
>>> add_integer()
Traceback (most recent call last):
    ...
TypeError: add_integer() missing 1 required positional argument: 'a'

"""
